// Jest Snapshot v1, https://goo.gl/fbAQLP

exports[`Header Component should matches snapshot 1`] = `
<span
  className="row"
>
  <span
    className="col-12 page-layout d-flex align-items-center justify-content-between"
  >
    <h1
      className="title"
    >
      Pop Movie
    </h1>
    <span
      className="nav-icon"
    />
  </span>
</span>
`;

exports[`Header matches snapshot 1`] = `
<span
  className="row"
>
  <span
    className="col-12 page-layout d-flex align-items-center justify-content-between"
  >
    <h1
      className="title"
    >
      Pop Movie
    </h1>
    <span
      className="nav-icon"
    />
  </span>
</span>
`;
